--------- beginning of main
05-03 19:43:05.483 24694 24694 E ashmem  : Pinning is deprecated since Android Q. Please use trim or other methods.
05-03 19:43:05.536 24694 24694 E DowngradeHelper: isModuleDowngradeRequired false
05-03 19:43:05.614  1350  1350 E NativeHotLoader: Failed to hotload library '/data/app/~~eXHPOIIaDLNCi_se_LCyHA==/com.google.android.gms-2-oDA-pQnIcRPfjLQuOIGA==/base.apk!/lib/arm64-v8a/libgmscore.so'. [CONTEXT service_id=447 ]
05-03 19:43:05.726  1350  1350 E ChimeraProxyRslvr: Chimera config error: com.google.android.chimera.config.InvalidConfigException: Module APK has been modified: ContainerApk(com.google.android.gms)
05-03 19:43:05.727  1350  1350 E ChimeraRcvrProxy: com.google.android.gms.chimera.GmsIntentOperationService$PersistentInternalReceiver dropping broadcast com.google.android.chimera.MODULE_CONFIGURATION_CHANGED
05-03 19:43:05.820  1350  1350 E ChimeraProxyRslvr: Chimera config error: com.google.android.chimera.config.InvalidConfigException: Module APK has been modified: ContainerApk(com.google.android.gms)
05-03 19:43:05.820  1350  1350 E ChimeraSrvcProxy: Proxy without impl dropping onStart()
05-03 19:43:05.821  1350  1350 E ChimeraSrvcProxy: Proxy without impl dropping onStart()
05-03 19:43:05.821  1350  1350 E ChimeraSrvcProxy: Proxy without impl dropping onStart()
05-03 19:43:05.822  1350  1350 E ChimeraSrvcProxy: Proxy without impl dropping onStart()
05-03 19:43:05.822  1350  1350 E ChimeraSrvcProxy: Proxy without impl dropping onStart()
05-03 19:43:05.823  1350  1350 E ChimeraSrvcProxy: Proxy without impl dropping onStart()
05-03 19:43:05.823  1350  1350 E ChimeraSrvcProxy: Proxy without impl dropping onStart()
05-03 19:43:05.824  1350  1350 E ChimeraSrvcProxy: Proxy without impl dropping onStart()
05-03 19:43:05.824  1350  1350 E ChimeraSrvcProxy: Proxy without impl dropping onStart()
05-03 19:43:05.824  1350  1350 E ChimeraSrvcProxy: Proxy without impl dropping onStart()
05-03 19:43:05.824  1350  1350 E ChimeraSrvcProxy: Proxy without impl dropping onStart()
05-03 19:43:05.824  1350  1350 E ChimeraSrvcProxy: Proxy without impl dropping onStart()
05-03 19:43:05.825  1350  1350 E ChimeraSrvcProxy: Proxy without impl dropping onStart()
05-03 19:43:05.825  1350  1350 E ChimeraSrvcProxy: Proxy without impl dropping onStart()
05-03 19:43:05.825  1350  1350 E ChimeraSrvcProxy: Proxy without impl dropping onStart()
05-03 19:43:06.074  1350  1350 E ChimeraProxyRslvr: Chimera config error: com.google.android.chimera.config.InvalidConfigException: Module APK has been modified: ContainerApk(com.google.android.gms)
05-03 19:43:06.074  1350  1350 E ChimeraSrvcProxy: Proxy without impl failing onBind()
05-03 19:43:06.140 24694 24712 E libbinder.IPCThreadState: Binder transaction failure. id: 9428258, cmd: BR_FAILED_REPLY (29201), error: -28 (No space left on device)
05-03 19:43:06.142 24694 24712 E JavaBinder: !!! FAILED BINDER TRANSACTION !!!  (parcel size = 3844)
05-03 19:43:06.237 24694 24751 E Authzen : [AuthZenEventHandler] unknown action: com.google.android.chimera.IntentOperation.NEW_MODULE
05-03 19:43:06.274 24694 24712 E libbinder.IPCThreadState: Binder transaction failure. id: 9428577, cmd: BR_FAILED_REPLY (29201), error: -28 (No space left on device)
05-03 19:43:06.274 24694 24712 E JavaBinder: !!! FAILED BINDER TRANSACTION !!!  (parcel size = 3844)
05-03 19:43:06.306  1350  1350 E ChimeraProxyRslvr: Chimera config error: com.google.android.chimera.config.InvalidConfigException: Module APK has been modified: ContainerApk(com.google.android.gms)
05-03 19:43:06.306  1350  1350 E ChimeraSrvcProxy: Proxy without impl dropping onStart()
05-03 19:43:06.405  1350  1350 E ChimeraProxyRslvr: Chimera config error: com.google.android.chimera.config.InvalidConfigException: Module APK has been modified: ContainerApk(com.google.android.gms)
05-03 19:43:06.405  1350  1350 E ChimeraSrvcProxy: Proxy without impl dropping onStart()
05-03 19:43:06.546  1350  1350 E ChimeraProxyRslvr: Chimera config error: com.google.android.chimera.config.InvalidConfigException: Module APK has been modified: ContainerApk(com.google.android.gms)
05-03 19:43:06.546  1350  1350 E ChimeraSrvcProxy: Proxy without impl failing onBind()
05-03 19:43:06.789 24694 24756 E gle.android.gms: hiddenapi: Accessing hidden method Landroid/telephony/TelephonyManager;->isImsRegistered()Z (runtime_flags=0, domain=platform, api=max-target-p) from Lctex; (domain=app, TargetSdkVersion=36) using reflection: denied
05-03 19:43:06.892  1350  1350 E ChimeraProxyRslvr: Chimera config error: com.google.android.chimera.config.InvalidConfigException: Module APK has been modified: ContainerApk(com.google.android.gms)
05-03 19:43:06.893  1350  1350 E ChimeraSrvcProxy: Proxy without impl dropping onStart()
05-03 19:43:06.893  1350  1350 E ChimeraSrvcProxy: Proxy without impl dropping onStart()
05-03 19:43:07.179  1350  1350 E ChimeraProxyRslvr: Chimera config error: com.google.android.chimera.config.InvalidConfigException: Module APK has been modified: ContainerApk(com.google.android.gms)
05-03 19:43:07.179  1350  1350 E ChimeraSrvcProxy: Proxy without impl failing onBind()
05-03 19:43:07.216 24694 24744 E libbinder.IPCThreadState: Binder transaction failure. id: 9430164, cmd: BR_FAILED_REPLY (29201), error: -28 (No space left on device)
05-03 19:43:07.216 24694 24744 E JavaBinder: !!! FAILED BINDER TRANSACTION !!!  (parcel size = 104)
05-03 19:43:07.231 20588 20588 E NativeHotLoader: Failed to hotload library '/data/app/~~eXHPOIIaDLNCi_se_LCyHA==/com.google.android.gms-2-oDA-pQnIcRPfjLQuOIGA==/base.apk!/lib/arm64-v8a/libgmscore.so'. [CONTEXT service_id=447 ]
05-03 19:43:07.381  1350  1350 E ChimeraProxyRslvr: Chimera config error: com.google.android.chimera.config.InvalidConfigException: Module APK has been modified: ContainerApk(com.google.android.gms)
05-03 19:43:07.381  1350  1350 E ChimeraSrvcProxy: Proxy without impl dropping onStart()
05-03 19:43:07.422 20588 20588 E ChimeraProxyRslvr: Chimera config error: com.google.android.chimera.config.InvalidConfigException: Module APK has been modified: ContainerApk(com.google.android.gms)
05-03 19:43:07.422 20588 20588 E ChimeraSrvcProxy: Proxy without impl failing onBind()
05-03 19:43:07.510 24694 24792 E libbinder.IPCThreadState: Binder transaction failure. id: 9430561, cmd: BR_FAILED_REPLY (29201), error: -28 (No space left on device)
05-03 19:43:07.510 24694 24792 E JavaBinder: !!! FAILED BINDER TRANSACTION !!!  (parcel size = 328)
05-03 19:43:07.535 24694 24756 E constellation: [device_id_util] Application com.google.android.ims not found
05-03 19:43:07.651  1350  1350 E ChimeraProxyRslvr: Chimera config error: com.google.android.chimera.config.InvalidConfigException: Module APK has been modified: ContainerApk(com.google.android.gms)
05-03 19:43:07.652  1350  1350 E ChimeraSrvcProxy: Proxy without impl failing onBind()
05-03 19:43:07.657 24694 24756 E libbinder.IPCThreadState: Binder transaction failure. id: 9430707, cmd: BR_FAILED_REPLY (29201), error: -28 (No space left on device)
05-03 19:43:07.657 24694 24756 E JavaBinder: !!! FAILED BINDER TRANSACTION !!!  (parcel size = 172)
05-03 19:43:07.739  1350  1350 E ChimeraProxyRslvr: Chimera config error: com.google.android.chimera.config.InvalidConfigException: Module APK has been modified: ContainerApk(com.google.android.gms)
05-03 19:43:07.739  1350  1350 E ChimeraSrvcProxy: Proxy without impl dropping onStart()
05-03 19:43:07.791  1350  1350 E ChimeraProxyRslvr: Chimera config error: com.google.android.chimera.config.InvalidConfigException: Module APK has been modified: ContainerApk(com.google.android.gms)
05-03 19:43:07.791  1350  1350 E ChimeraSrvcProxy: Proxy without impl dropping onStart()
05-03 19:43:07.791  1350  1350 E ChimeraSrvcProxy: Proxy without impl dropping onStart()
05-03 19:43:07.833  1350  1350 E ChimeraProxyRslvr: Chimera config error: com.google.android.chimera.config.InvalidConfigException: Module APK has been modified: ContainerApk(com.google.android.gms)
05-03 19:43:07.833  1350  1350 E ChimeraSrvcProxy: Proxy without impl dropping onStart()
05-03 19:43:08.020  1350  1350 E ChimeraProxyRslvr: Chimera config error: com.google.android.chimera.config.InvalidConfigException: Module APK has been modified: ContainerApk(com.google.android.gms)
05-03 19:43:08.020  1350  1350 E ChimeraSrvcProxy: Proxy without impl dropping onStart()
05-03 19:43:08.090 24694 24792 E libbinder.IPCThreadState: Binder transaction failure. id: 9431819, cmd: BR_FAILED_REPLY (29201), error: -28 (No space left on device)
05-03 19:43:08.090 24694 24792 E JavaBinder: !!! FAILED BINDER TRANSACTION !!!  (parcel size = 328)
05-03 19:43:08.113 24694 24763 E Dck     : Could not get ProviderInfo when resolving the content provider authority. [CONTEXT service_id=289 ]
05-03 19:43:08.113 24694 24763 E Dck     : Samsung Content Provider failed app verification [CONTEXT service_id=289 ]
05-03 19:43:08.202 20588 20588 E ChimeraProxyRslvr: Chimera config error: com.google.android.chimera.config.InvalidConfigException: Module APK has been modified: ContainerApk(com.google.android.gms)
05-03 19:43:08.202 20588 20588 E ChimeraSrvcProxy: Proxy without impl failing onBind()
05-03 19:43:08.262  1350  1350 E ChimeraProxyRslvr: Chimera config error: com.google.android.chimera.config.InvalidConfigException: Module APK has been modified: ContainerApk(com.google.android.gms)
05-03 19:43:08.270  1350 24338 E libbinder.Parcel: Reading a NULL string not supported here.
05-03 19:43:08.271  1350 24338 E NetworkScheduler.TED: Dropping task as app's play services SDK version does not support Android O. Either update the SDK or lower your app's target SDK version. Canceling all tasks for the service: ComponentInfo{com.google.android.gms/com.google.android.gms.droidguard.DroidGuardFastRefreshGmsTaskBoundService}
05-03 19:43:08.345  1350  1350 E ChimeraProxyRslvr: Chimera config error: com.google.android.chimera.config.InvalidConfigException: Module APK has been modified: ContainerApk(com.google.android.gms)
05-03 19:43:08.346  1350  1350 E ChimeraSrvcProxy: Proxy without impl failing onBind()
05-03 19:43:08.382  1350  1350 E ChimeraProxyRslvr: Chimera config error: com.google.android.chimera.config.InvalidConfigException: Module APK has been modified: ContainerApk(com.google.android.gms)
05-03 19:43:08.382  1350  1350 E ChimeraSrvcProxy: Proxy without impl failing onBind()
05-03 19:43:08.389 24694 24712 E libbinder.IPCThreadState: Binder transaction failure. id: 9432671, cmd: BR_FAILED_REPLY (29201), error: -28 (No space left on device)
05-03 19:43:08.389 24694 24712 E JavaBinder: !!! FAILED BINDER TRANSACTION !!!  (parcel size = 3844)
05-03 19:43:08.461 24694 24792 E libbinder.IPCThreadState: Binder transaction failure. id: 9432767, cmd: BR_FAILED_REPLY (29201), error: -28 (No space left on device)
05-03 19:43:08.461 24694 24792 E JavaBinder: !!! FAILED BINDER TRANSACTION !!!  (parcel size = 328)
05-03 19:43:09.091  1083  1183 E SatelliteAppTracker: packageName: com.google.android.gms, value: com.google.android.gms
05-03 19:43:09.161  1083  1083 E SmsApplication: com.google.android.apps.messaging lost android:read_cell_broadcasts:  (fixing)
05-03 19:43:09.234 24694 24756 E constellation: [event_manager] Failed to sync verifications: 
05-03 19:43:09.234 24694 24756 E constellation: bgtf: No consent
05-03 19:43:09.234 24694 24756 E constellation: 	at bfzh.m(:com.google.android.gms@260534035@26.05.34 (260400-869443408):378)
05-03 19:43:09.234 24694 24756 E constellation: 	at com.google.android.gms.constellation.EventManager.g(:com.google.android.gms@260534035@26.05.34 (260400-869443408):464)
05-03 19:43:09.234 24694 24756 E constellation: 	at com.google.android.gms.constellation.EventManager.onHandleIntent(:com.google.android.gms@260534035@26.05.34 (260400-869443408):384)
05-03 19:43:09.234 24694 24756 E constellation: 	at com.google.android.chimera.IntentOperation.onHandleIntent(:com.google.android.gms@260534035@26.05.34 (260400-869443408):1)
05-03 19:43:09.234 24694 24756 E constellation: 	at azqd.onHandleIntent(:com.google.android.gms@260534035@26.05.34 (260400-869443408):84)
05-03 19:43:09.234 24694 24756 E constellation: 	at zcz.run(:com.google.android.gms@260534035@26.05.34 (260400-869443408):64)
05-03 19:43:09.234 24694 24756 E constellation: 	at zcy.run(:com.google.android.gms@260534035@26.05.34 (260400-869443408):132)
05-03 19:43:09.234 24694 24756 E constellation: 	at gptb.run(:com.google.android.gms@260534035@26.05.34 (260400-869443408):19)
05-03 19:43:09.234 24694 24756 E constellation: 	at java.util.concurrent.ThreadPoolExecutor.runWorker(ThreadPoolExecutor.java:1154)
05-03 19:43:09.234 24694 24756 E constellation: 	at java.util.concurrent.ThreadPoolExecutor$Worker.run(ThreadPoolExecutor.java:652)
05-03 19:43:09.234 24694 24756 E constellation: 	at java.lang.Thread.run(Thread.java:1563)
05-03 19:43:09.266 24694 24815 E constellation: [periodic_consent_checker] Couldn't sync with the server due to 
05-03 19:43:09.266 24694 24815 E constellation: bgtf: No consent
05-03 19:43:09.266 24694 24815 E constellation: 	at bfzh.m(:com.google.android.gms@260534035@26.05.34 (260400-869443408):378)
05-03 19:43:09.266 24694 24815 E constellation: 	at com.google.android.gms.constellation.EventManager.g(:com.google.android.gms@260534035@26.05.34 (260400-869443408):464)
05-03 19:43:09.266 24694 24815 E constellation: 	at com.google.android.gms.constellation.EventManager.onHandleIntent(:com.google.android.gms@260534035@26.05.34 (260400-869443408):384)
05-03 19:43:09.266 24694 24815 E constellation: 	at com.google.android.chimera.IntentOperation.onHandleIntent(:com.google.android.gms@260534035@26.05.34 (260400-869443408):1)
05-03 19:43:09.266 24694 24815 E constellation: 	at azqd.onHandleIntent(:com.google.android.gms@260534035@26.05.34 (260400-869443408):84)
05-03 19:43:09.266 24694 24815 E constellation: 	at zcz.run(:com.google.android.gms@260534035@26.05.34 (260400-869443408):64)
05-03 19:43:09.266 24694 24815 E constellation: 	at zcy.run(:com.google.android.gms@260534035@26.05.34 (260400-869443408):132)
05-03 19:43:09.266 24694 24815 E constellation: 	at gptb.run(:com.google.android.gms@260534035@26.05.34 (260400-869443408):19)
05-03 19:43:09.266 24694 24815 E constellation: 	at java.util.concurrent.ThreadPoolExecutor.runWorker(ThreadPoolExecutor.java:1154)
05-03 19:43:09.266 24694 24815 E constellation: 	at java.util.concurrent.ThreadPoolExecutor$Worker.run(ThreadPoolExecutor.java:652)
05-03 19:43:09.266 24694 24815 E constellation: 	at java.lang.Thread.run(Thread.java:1563)
05-03 19:43:09.403  1083  1224 E SmsApplication: com.google.android.apps.messaging lost android:read_cell_broadcasts:  (fixing)
05-03 19:43:09.882 24694 24762 E GoogleSettingsUtils: Cannot write token, exception in Context lookup [CONTEXT service_id=130 ]
05-03 19:43:09.882 24694 24762 E GoogleSettingsUtils: java.io.FileNotFoundException: /data/user/0/com.google.android.gsf/files/security_token: open failed: ENOENT (No such file or directory)
05-03 19:43:09.882 24694 24762 E GoogleSettingsUtils: 	at libcore.io.IoBridge.open(IoBridge.java:574)
05-03 19:43:09.882 24694 24762 E GoogleSettingsUtils: 	at java.io.FileOutputStream.<init>(FileOutputStream.java:259)
05-03 19:43:09.882 24694 24762 E GoogleSettingsUtils: 	at android.app.ContextImpl.openFileOutput(ContextImpl.java:823)
05-03 19:43:09.882 24694 24762 E GoogleSettingsUtils: 	at azbn.a(:com.google.android.gms@260534035@26.05.34 (260400-869443408):1738)
05-03 19:43:09.882 24694 24762 E GoogleSettingsUtils: 	at azcx.a(:com.google.android.gms@260534035@26.05.34 (260400-869443408):824)
05-03 19:43:09.882 24694 24762 E GoogleSettingsUtils: 	at com.google.android.gms.checkin.CheckinIntentOperation.onHandleIntent(:com.google.android.gms@260534035@26.05.34 (260400-869443408):30)
05-03 19:43:09.882 24694 24762 E GoogleSettingsUtils: 	at com.google.android.chimera.IntentOperation.onHandleIntent(:com.google.android.gms@260534035@26.05.34 (260400-869443408):1)
05-03 19:43:09.882 24694 24762 E GoogleSettingsUtils: 	at azqd.onHandleIntent(:com.google.android.gms@260534035@26.05.34 (260400-869443408):84)
05-03 19:43:09.882 24694 24762 E GoogleSettingsUtils: 	at zcz.run(:com.google.android.gms@260534035@26.05.34 (260400-869443408):64)
05-03 19:43:09.882 24694 24762 E GoogleSettingsUtils: 	at zcy.run(:com.google.android.gms@260534035@26.05.34 (260400-869443408):132)
05-03 19:43:09.882 24694 24762 E GoogleSettingsUtils: 	at gptb.run(:com.google.android.gms@260534035@26.05.34 (260400-869443408):19)
05-03 19:43:09.882 24694 24762 E GoogleSettingsUtils: 	at java.util.concurrent.ThreadPoolExecutor.runWorker(ThreadPoolExecutor.java:1154)
05-03 19:43:09.882 24694 24762 E GoogleSettingsUtils: 	at java.util.concurrent.ThreadPoolExecutor$Worker.run(ThreadPoolExecutor.java:652)
05-03 19:43:09.882 24694 24762 E GoogleSettingsUtils: 	at java.lang.Thread.run(Thread.java:1563)
05-03 19:43:09.882 24694 24762 E GoogleSettingsUtils: Caused by: android.system.ErrnoException: open failed: ENOENT (No such file or directory)
05-03 19:43:09.882 24694 24762 E GoogleSettingsUtils: 	at libcore.io.Linux.open(Native Method)
05-03 19:43:09.882 24694 24762 E GoogleSettingsUtils: 	at libcore.io.ForwardingOs.open(ForwardingOs.java:574)
05-03 19:43:09.882 24694 24762 E GoogleSettingsUtils: 	at libcore.io.BlockGuardOs.open(BlockGuardOs.java:274)
05-03 19:43:09.882 24694 24762 E GoogleSettingsUtils: 	at libcore.io.ForwardingOs.open(ForwardingOs.java:574)
05-03 19:43:09.882 24694 24762 E GoogleSettingsUtils: 	at android.app.AndroidForwardingOs.open(AndroidForwardingOs.java:120)
05-03 19:43:09.882 24694 24762 E GoogleSettingsUtils: 	at libcore.io.IoBridge.open(IoBridge.java:560)
05-03 19:43:09.882 24694 24762 E GoogleSettingsUtils: 	... 13 more
05-03 19:43:09.978 24694 24730 E SharedPreferencesImpl: Couldn't create directory for SharedPreferences file /data/user/0/com.google.android.gsf/shared_prefs/CheckinService.xml
05-03 19:43:10.111  1350  1350 E ChimeraProxyRslvr: Chimera config error: com.google.android.chimera.config.InvalidConfigException: Module APK has been modified: ContainerApk(com.google.android.gms)
05-03 19:43:10.111  1350  1350 E ChimeraSrvcProxy: Proxy without impl dropping onStart()
05-03 19:43:10.830 24694 24694 E ChimeraRcvrProxy: com.google.android.gms.backup.GmsBackupStatusChangeReceiver dropping broadcast com.google.gservices.intent.action.GSERVICES_CHANGED
05-03 19:43:11.157  1350  1350 E ChimeraProxyRslvr: Chimera config error: com.google.android.chimera.config.InvalidConfigException: Module APK has been modified: ContainerApk(com.google.android.gms)
05-03 19:43:11.157  1350  1350 E ChimeraRcvrProxy: com.google.android.gms.gcm.ServiceAutoStarter dropping broadcast com.google.gservices.intent.action.GSERVICES_CHANGED
05-03 19:43:11.263 24694 24712 E libbinder.IPCThreadState: Binder transaction failure. id: 9435826, cmd: BR_FAILED_REPLY (29201), error: -28 (No space left on device)
05-03 19:43:11.263 24694 24712 E JavaBinder: !!! FAILED BINDER TRANSACTION !!!  (parcel size = 3844)
05-03 19:43:11.266  1350  1350 E ChimeraProxyRslvr: Chimera config error: com.google.android.chimera.config.InvalidConfigException: Module APK has been modified: ContainerApk(com.google.android.gms)
05-03 19:43:11.266  1350  1350 E ChimeraRcvrProxy: com.google.android.gms.chimera.GmsIntentOperationService$SharedUidReceiver dropping broadcast com.google.gservices.intent.action.GSERVICES_CHANGED
05-03 19:43:11.297  1270  1278 E HardwareInfoFeatureProviderImpl: Could not parse manufactured year from serial.
05-03 19:43:11.297  1270  1278 E HardwareInfoFeatureProviderImpl: java.lang.NumberFormatException: For input string: "E"
05-03 19:43:11.297  1270  1278 E HardwareInfoFeatureProviderImpl: 	at java.lang.Integer.parseInt(Integer.java:781)
05-03 19:43:11.297  1270  1278 E HardwareInfoFeatureProviderImpl: 	at java.lang.Integer.valueOf(Integer.java:1108)
05-03 19:43:11.297  1270  1278 E HardwareInfoFeatureProviderImpl: 	at com.google.android.settings.hardwareinfo.HardwareInfoFeatureProviderGoogleImpl.getManufacturedYear(HardwareInfoFeatureProviderGoogleImpl.kt:24)
05-03 19:43:11.297  1270  1278 E HardwareInfoFeatureProviderImpl: 	at com.android.settings.deviceinfo.hardwareinfo.ManufacturedYearPreferenceController.<init>(ManufacturedYearPreferenceController.kt:26)
05-03 19:43:11.297  1270  1278 E HardwareInfoFeatureProviderImpl: 	at java.lang.reflect.Constructor.newInstance0(Native Method)
05-03 19:43:11.297  1270  1278 E HardwareInfoFeatureProviderImpl: 	at java.lang.reflect.Constructor.newInstance(Constructor.java:343)
05-03 19:43:11.297  1270  1278 E HardwareInfoFeatureProviderImpl: 	at com.android.settings.core.BasePreferenceController.createInstance(BasePreferenceController.java:190)
05-03 19:43:11.297  1270  1278 E HardwareInfoFeatureProviderImpl: 	at com.android.settings.core.PreferenceControllerListHelper.getPreferenceControllersFromXml(PreferenceControllerListHelper.java:86)
05-03 19:43:11.297  1270  1278 E HardwareInfoFeatureProviderImpl: 	at com.android.settings.search.BaseSearchIndexProvider.getPreferenceControllers(BaseSearchIndexProvider.java:195)
05-03 19:43:11.297  1270  1278 E HardwareInfoFeatureProviderImpl: 	at com.android.settings.search.BaseSearchIndexProvider.updateNonIndexableKeysFromControllers(BaseSearchIndexProvider.java:142)
05-03 19:43:11.297  1270  1278 E HardwareInfoFeatureProviderImpl: 	at com.android.settings.search.BaseSearchIndexProvider.getNonIndexableKeys(BaseSearchIndexProvider.java:136)
05-03 19:43:11.297  1270  1278 E HardwareInfoFeatureProviderImpl: 	at com.android.settings.search.SettingsSearchIndexablesProvider.getNonIndexableKeysFromProvider(SettingsSearchIndexablesProvider.java:291)
05-03 19:43:11.297  1270  1278 E HardwareInfoFeatureProviderImpl: 	at com.android.settings.search.SettingsSearchIndexablesProvider.queryNonIndexableKeys(SettingsSearchIndexablesProvider.java:164)
05-03 19:43:11.297  1270  1278 E HardwareInfoFeatureProviderImpl: 	at com.android.settings.search.SettingsSearchIndexablesProvider.queryNonIndexableKeys(SettingsSearchIndexablesProvider.java:87)
05-03 19:43:11.297  1270  1278 E HardwareInfoFeatureProviderImpl: 	at android.provider.SearchIndexablesProvider.query(SearchIndexablesProvider.java:127)
05-03 19:43:11.297  1270  1278 E HardwareInfoFeatureProviderImpl: 	at android.content.ContentProvider.query(ContentProvider.java:1662)
05-03 19:43:11.297  1270  1278 E HardwareInfoFeatureProviderImpl: 	at android.content.ContentProvider.query(ContentProvider.java:1758)
05-03 19:43:11.297  1270  1278 E HardwareInfoFeatureProviderImpl: 	at android.content.ContentProvider$Transport.query(ContentProvider.java:296)
05-03 19:43:11.297  1270  1278 E HardwareInfoFeatureProviderImpl: 	at android.content.ContentProviderNative.onTransact(ContentProviderNative.java:107)
05-03 19:43:11.297  1270  1278 E HardwareInfoFeatureProviderImpl: 	at android.os.Binder.execTransactInternal(Binder.java:1473)
05-03 19:43:11.297  1270  1278 E HardwareInfoFeatureProviderImpl: 	at android.os.Binder.execTransact(Binder.java:1418)
05-03 19:43:11.381 24694 24712 E libbinder.IPCThreadState: Binder transaction failure. id: 9435994, cmd: BR_FAILED_REPLY (29201), error: -28 (No space left on device)
05-03 19:43:11.382 24694 24712 E JavaBinder: !!! FAILED BINDER TRANSACTION !!!  (parcel size = 3844)
05-03 19:43:11.418  1270  3483 E HardwareInfoFeatureProviderImpl: Could not parse manufactured year from serial.
05-03 19:43:11.418  1270  3483 E HardwareInfoFeatureProviderImpl: java.lang.NumberFormatException: For input string: "E"
05-03 19:43:11.418  1270  3483 E HardwareInfoFeatureProviderImpl: 	at java.lang.Integer.parseInt(Integer.java:781)
05-03 19:43:11.418  1270  3483 E HardwareInfoFeatureProviderImpl: 	at java.lang.Integer.valueOf(Integer.java:1108)
05-03 19:43:11.418  1270  3483 E HardwareInfoFeatureProviderImpl: 	at com.google.android.settings.hardwareinfo.HardwareInfoFeatureProviderGoogleImpl.getManufacturedYear(HardwareInfoFeatureProviderGoogleImpl.kt:24)
05-03 19:43:11.418  1270  3483 E HardwareInfoFeatureProviderImpl: 	at com.android.settings.deviceinfo.hardwareinfo.ManufacturedYearPreferenceController.<init>(ManufacturedYearPreferenceController.kt:26)
05-03 19:43:11.418  1270  3483 E HardwareInfoFeatureProviderImpl: 	at java.lang.reflect.Constructor.newInstance0(Native Method)
05-03 19:43:11.418  1270  3483 E HardwareInfoFeatureProviderImpl: 	at java.lang.reflect.Constructor.newInstance(Constructor.java:343)
05-03 19:43:11.418  1270  3483 E HardwareInfoFeatureProviderImpl: 	at com.android.settings.core.BasePreferenceController.createInstance(BasePreferenceController.java:190)
05-03 19:43:11.418  1270  3483 E HardwareInfoFeatureProviderImpl: 	at com.android.settings.core.PreferenceControllerListHelper.getPreferenceControllersFromXml(PreferenceControllerListHelper.java:86)
05-03 19:43:11.418  1270  3483 E HardwareInfoFeatureProviderImpl: 	at com.android.settings.search.BaseSearchIndexProvider.getPreferenceControllers(BaseSearchIndexProvider.java:195)
05-03 19:43:11.418  1270  3483 E HardwareInfoFeatureProviderImpl: 	at com.android.settings.search.BaseSearchIndexProvider.getDynamicRawDataToIndex(BaseSearchIndexProvider.java:102)
05-03 19:43:11.418  1270  3483 E HardwareInfoFeatureProviderImpl: 	at com.android.settings.search.SettingsSearchIndexablesProvider.getDynamicSearchIndexableRawData(SettingsSearchIndexablesProvider.java:385)
05-03 19:43:11.418  1270  3483 E HardwareInfoFeatureProviderImpl: 	at com.android.settings.search.SettingsSearchIndexablesProvider.queryDynamicRawData(SettingsSearchIndexablesProvider.java:187)
05-03 19:43:11.418  1270  3483 E HardwareInfoFeatureProviderImpl: 	at com.android.settings.search.SettingsSearchIndexablesProvider.queryDynamicRawData(SettingsSearchIndexablesProvider.java:87)
05-03 19:43:11.418  1270  3483 E HardwareInfoFeatureProviderImpl: 	at android.provider.SearchIndexablesProvider.query(SearchIndexablesProvider.java:133)
05-03 19:43:11.418  1270  3483 E HardwareInfoFeatureProviderImpl: 	at android.content.ContentProvider.query(ContentProvider.java:1662)
05-03 19:43:11.418  1270  3483 E HardwareInfoFeatureProviderImpl: 	at android.content.ContentProvider.query(ContentProvider.java:1758)
05-03 19:43:11.418  1270  3483 E HardwareInfoFeatureProviderImpl: 	at android.content.ContentProvider$Transport.query(ContentProvider.java:296)
05-03 19:43:11.418  1270  3483 E HardwareInfoFeatureProviderImpl: 	at android.content.ContentProviderNative.onTransact(ContentProviderNative.java:107)
05-03 19:43:11.418  1270  3483 E HardwareInfoFeatureProviderImpl: 	at android.os.Binder.execTransactInternal(Binder.java:1473)
05-03 19:43:11.418  1270  3483 E HardwareInfoFeatureProviderImpl: 	at android.os.Binder.execTransact(Binder.java:1418)
05-03 19:43:11.429  1350  1350 E ChimeraProxyRslvr: Chimera config error: com.google.android.chimera.config.InvalidConfigException: Module APK has been modified: ContainerApk(com.google.android.gms)
05-03 19:43:11.429  1350  1350 E ChimeraRcvrProxy: com.google.android.gms.gcm.ServiceAutoStarter dropping broadcast com.google.android.checkin.CHECKIN_COMPLETE
05-03 19:43:11.582  1350  1350 E ChimeraProxyRslvr: Chimera config error: com.google.android.chimera.config.InvalidConfigException: Module APK has been modified: ContainerApk(com.google.android.gms)
05-03 19:43:11.582  1350  1350 E ChimeraRcvrProxy: com.google.android.gms.gcm.ServiceAutoStarter dropping broadcast com.google.android.checkin.CHECKIN_COMPLETE
05-03 19:43:11.708  1350  1350 E ChimeraProxyRslvr: Chimera config error: com.google.android.chimera.config.InvalidConfigException: Module APK has been modified: ContainerApk(com.google.android.gms)
05-03 19:43:11.708  1350  1350 E ChimeraRcvrProxy: com.google.android.gms.chimera.GmsIntentOperationService$PersistentInternalReceiver dropping broadcast com.google.android.checkin.CHECKIN_COMPLETE
05-03 19:43:11.865  1270  3483 E ScreenResolutionController: No support
05-03 19:43:11.914  1270  3483 E ScreenResolutionController: No support
05-03 19:43:12.084  1270  1278 E ConvertToEsimPreference: Fail to check pSIM conversion supported carrier: Attempt to invoke virtual method 'boolean android.telephony.euicc.EuiccManager.isPsimConversionSupported(int)' on a null object reference
05-03 19:43:12.084  1270  1278 E ConvertToEsimPreference: Fail to check pSIM conversion supported carrier: Attempt to invoke virtual method 'boolean android.telephony.euicc.EuiccManager.isPsimConversionSupported(int)' on a null object reference
05-03 19:43:12.201  1270  1278 E SystemServiceRegistry: No service published for: ethernet
05-03 19:43:12.201  1270  1278 E SystemServiceRegistry: android.os.ServiceManager$ServiceNotFoundException: No service published for: ethernet
05-03 19:43:12.201  1270  1278 E SystemServiceRegistry: 	at android.os.ServiceManager.getServiceOrThrow(ServiceManager.java:203)
05-03 19:43:12.201  1270  1278 E SystemServiceRegistry: 	at android.app.SystemServiceRegistry$156.createService(SystemServiceRegistry.java:2418)
05-03 19:43:12.201  1270  1278 E SystemServiceRegistry: 	at android.app.SystemServiceRegistry$CachedServiceFetcher.getService(SystemServiceRegistry.java:2531)
05-03 19:43:12.201  1270  1278 E SystemServiceRegistry: 	at android.app.SystemServiceRegistry.getSystemService(SystemServiceRegistry.java:2063)
05-03 19:43:12.201  1270  1278 E SystemServiceRegistry: 	at android.app.ContextImpl.getSystemService(ContextImpl.java:2434)
05-03 19:43:12.201  1270  1278 E SystemServiceRegistry: 	at android.content.ContextWrapper.getSystemService(ContextWrapper.java:991)
05-03 19:43:12.201  1270  1278 E SystemServiceRegistry: 	at android.content.Context.getSystemService(Context.java:4901)
05-03 19:43:12.201  1270  1278 E SystemServiceRegistry: 	at com.android.settings.network.tether.TetherSettings$2.getNonIndexableKeys(TetherSettings.java:689)
05-03 19:43:12.201  1270  1278 E SystemServiceRegistry: 	at com.android.settings.search.SettingsSearchIndexablesProvider.getNonIndexableKeysFromProvider(SettingsSearchIndexablesProvider.java:291)
05-03 19:43:12.201  1270  1278 E SystemServiceRegistry: 	at com.android.settings.search.SettingsSearchIndexablesProvider.queryNonIndexableKeys(SettingsSearchIndexablesProvider.java:164)
05-03 19:43:12.201  1270  1278 E SystemServiceRegistry: 	at com.android.settings.search.SettingsSearchIndexablesProvider.queryNonIndexableKeys(SettingsSearchIndexablesProvider.java:87)
05-03 19:43:12.201  1270  1278 E SystemServiceRegistry: 	at android.provider.SearchIndexablesProvider.query(SearchIndexablesProvider.java:127)
05-03 19:43:12.201  1270  1278 E SystemServiceRegistry: 	at android.content.ContentProvider.query(ContentProvider.java:1662)
05-03 19:43:12.201  1270  1278 E SystemServiceRegistry: 	at android.content.ContentProvider.query(ContentProvider.java:1758)
05-03 19:43:12.201  1270  1278 E SystemServiceRegistry: 	at android.content.ContentProvider$Transport.query(ContentProvider.java:296)
05-03 19:43:12.201  1270  1278 E SystemServiceRegistry: 	at android.content.ContentProviderNative.onTransact(ContentProviderNative.java:107)
05-03 19:43:12.201  1270  1278 E SystemServiceRegistry: 	at android.os.Binder.execTransactInternal(Binder.java:1473)
05-03 19:43:12.201  1270  1278 E SystemServiceRegistry: 	at android.os.Binder.execTransact(Binder.java:1418)
05-03 19:43:12.230  1270  3483 E libbinder.IPCThreadState: Binder transaction failure. id: 9438035, cmd: BR_FROZEN_REPLY (29202), error: 0 (Success)
05-03 19:43:12.231  1270  3483 E JavaBinder: !!! FAILED BINDER TRANSACTION !!!  (parcel size = 316)
05-03 19:43:12.231  1270  3483 E ContactsStorageController: Failed to look up the default account: java.lang.RuntimeException: android.os.DeadObjectException: Transaction failed on small parcel; remote process probably died, but this could also be caused by running out of binder buffer space
05-03 19:43:12.317  1270  1278 E ScreenResolutionController: No support
05-03 19:43:12.462  1270  1278 E ScreenResolutionController: No support
05-03 19:43:12.634  1270  1278 E libbinder.IPCThreadState: Binder transaction failure. id: 9438928, cmd: BR_FROZEN_REPLY (29202), error: 0 (Success)
05-03 19:43:12.634  1270  1278 E JavaBinder: !!! FAILED BINDER TRANSACTION !!!  (parcel size = 316)
05-03 19:43:12.634  1270  1278 E ContactsStorageController: Failed to look up the default account: java.lang.RuntimeException: android.os.DeadObjectException: Transaction failed on small parcel; remote process probably died, but this could also be caused by running out of binder buffer space
05-03 19:43:12.679  9931 18282 E libbinder.IPCThreadState: Binder transaction failure. id: 9439105, cmd: BR_FROZEN_REPLY (29202), error: 0 (Success)
05-03 19:43:12.679  9931 18282 E JavaBinder: !!! FAILED BINDER TRANSACTION !!!  (parcel size = 768)
05-03 19:43:12.684  9931 18281 E libbinder.IPCThreadState: Binder transaction failure. id: 9439122, cmd: BR_FROZEN_REPLY (29202), error: 0 (Success)
05-03 19:43:12.684  9931 18281 E JavaBinder: !!! FAILED BINDER TRANSACTION !!!  (parcel size = 852)
05-03 19:43:12.686   680  2394 E libbinder.IPCThreadState: Binder transaction failure. id: 9439128, cmd: BR_FROZEN_REPLY (29202), error: 0 (Success)
05-03 19:43:12.714   680   995 E libbinder.IPCThreadState: Binder transaction failure. id: 9439148, cmd: BR_FROZEN_REPLY (29202), error: 0 (Success)
05-03 19:43:12.743  9931  9961 E libbinder.IPCThreadState: Binder transaction failure. id: 9439183, cmd: BR_FROZEN_REPLY (29202), error: 0 (Success)
05-03 19:43:12.743  9931  9961 E JavaBinder: !!! FAILED BINDER TRANSACTION !!!  (parcel size = 796)
05-03 19:43:12.746   680  1766 E libbinder.IPCThreadState: Binder transaction failure. id: 9439190, cmd: BR_FROZEN_REPLY (29202), error: 0 (Success)
05-03 19:43:12.798  9931  9955 E libbinder.IPCThreadState: Binder transaction failure. id: 9439253, cmd: BR_FROZEN_REPLY (29202), error: 0 (Success)
05-03 19:43:12.798  9931  9955 E JavaBinder: !!! FAILED BINDER TRANSACTION !!!  (parcel size = 824)
05-03 19:43:12.813   680  2394 E libbinder.IPCThreadState: Binder transaction failure. id: 9439258, cmd: BR_FROZEN_REPLY (29202), error: 0 (Success)
05-03 19:43:13.062 24867 24885 E ashmem  : Pinning is deprecated since Android Q. Please use trim or other methods.
05-03 19:43:13.104  9931 18282 E libbinder.IPCThreadState: Binder transaction failure. id: 9439726, cmd: BR_FROZEN_REPLY (29202), error: 0 (Success)
05-03 19:43:13.104  9931 18282 E JavaBinder: !!! FAILED BINDER TRANSACTION !!!  (parcel size = 780)
05-03 19:43:13.107   680   995 E libbinder.IPCThreadState: Binder transaction failure. id: 9439732, cmd: BR_FROZEN_REPLY (29202), error: 0 (Success)
05-03 19:43:13.117 23576 23576 E CalculatorApp: ArithmeticException: Division by zero
05-03 19:43:13.238  9931 18281 E libbinder.IPCThreadState: Binder transaction failure. id: 9439930, cmd: BR_FROZEN_REPLY (29202), error: 0 (Success)
05-03 19:43:13.238  9931 18281 E JavaBinder: !!! FAILED BINDER TRANSACTION !!!  (parcel size = 796)
05-03 19:43:13.255   680  1766 E libbinder.IPCThreadState: Binder transaction failure. id: 9439989, cmd: BR_FROZEN_REPLY (29202), error: 0 (Success)
05-03 19:43:13.380 24920 24955 E ashmem  : Pinning is deprecated since Android Q. Please use trim or other methods.
05-03 19:43:13.494 24694 24712 E libbinder.IPCThreadState: Binder transaction failure. id: 9440330, cmd: BR_FAILED_REPLY (29201), error: -28 (No space left on device)
05-03 19:43:13.494 24694 24712 E JavaBinder: !!! FAILED BINDER TRANSACTION !!!  (parcel size = 3844)
05-03 19:43:13.664  9931  9955 E libbinder.IPCThreadState: Binder transaction failure. id: 9440578, cmd: BR_FROZEN_REPLY (29202), error: 0 (Success)
05-03 19:43:13.664  9931  9955 E JavaBinder: !!! FAILED BINDER TRANSACTION !!!  (parcel size = 804)
05-03 19:43:13.664   680  2394 E libbinder.IPCThreadState: Binder transaction failure. id: 9440583, cmd: BR_FROZEN_REPLY (29202), error: 0 (Success)
--------- beginning of system
05-03 19:43:13.856   680  1946 E AppOps  : Bad call made by uid 1000. Package "com.google.android.googlequicksearchbox" does not belong to uid 1000.
05-03 19:43:14.498 24941 25045 E ashmem  : Pinning is deprecated since Android Q. Please use trim or other methods.
05-03 19:43:14.538  1350  1350 E ChimeraProxyRslvr: Chimera config error: com.google.android.chimera.config.InvalidConfigException: Module APK has been modified: ContainerApk(com.google.android.gms)
05-03 19:43:14.538  1350  1350 E ChimeraSrvcProxy: Proxy without impl failing onBind()
05-03 19:43:14.545 24891 25019 E libbinder.Parcel: Reading a NULL string not supported here.
05-03 19:43:14.648 24941 25040 E LoadManifestTask: Can't find Chimera operation impl class com.google.android.gms.people.settings.PeopleInternalSettingsChimeraActivity$MenagerieInternalDebugSettingsOperation dropping operation
05-03 19:43:14.648 24941 25040 E LoadManifestTask: java.lang.ClassNotFoundException: Didn't find class "com.google.android.gms.people.settings.PeopleInternalSettingsChimeraActivity$MenagerieInternalDebugSettingsOperation" on path: DexPathList[[zip file "/data/app/~~eXHPOIIaDLNCi_se_LCyHA==/com.google.android.gms-2-oDA-pQnIcRPfjLQuOIGA==/base.apk"],nativeLibraryDirectories=[/data/app/~~eXHPOIIaDLNCi_se_LCyHA==/com.google.android.gms-2-oDA-pQnIcRPfjLQuOIGA==/lib/arm64, /data/app/~~eXHPOIIaDLNCi_se_LCyHA==/com.google.android.gms-2-oDA-pQnIcRPfjLQuOIGA==/base.apk!/lib/arm64-v8a, /system/lib64, /system_ext/lib64]]
05-03 19:43:14.648 24941 25040 E LoadManifestTask: 	at dalvik.system.BaseDexClassLoader.findClass(BaseDexClassLoader.java:259)
05-03 19:43:14.648 24941 25040 E LoadManifestTask: 	at java.lang.ClassLoader.loadClass(ClassLoader.java:642)
05-03 19:43:14.648 24941 25040 E LoadManifestTask: 	at java.lang.ClassLoader.loadClass(ClassLoader.java:578)
05-03 19:43:14.648 24941 25040 E LoadManifestTask: 	at zcx.<init>(:com.google.android.gms@260534035@26.05.34 (260400-869443408):27)
05-03 19:43:14.648 24941 25040 E LoadManifestTask: 	at azqa.<init>(:com.google.android.gms@260534035@26.05.34 (260400-869443408):6)
05-03 19:43:14.648 24941 25040 E LoadManifestTask: 	at azqe.a(:com.google.android.gms@260534035@26.05.34 (260400-869443408):3)
05-03 19:43:14.648 24941 25040 E LoadManifestTask: 	at zde.run(:com.google.android.gms@260534035@26.05.34 (260400-869443408):477)
05-03 19:43:14.648 24941 25040 E LoadManifestTask: 	at zcy.run(:com.google.android.gms@260534035@26.05.34 (260400-869443408):44)
05-03 19:43:14.648 24941 25040 E LoadManifestTask: 	at gptb.run(:com.google.android.gms@260534035@26.05.34 (260400-869443408):19)
05-03 19:43:14.648 24941 25040 E LoadManifestTask: 	at java.util.concurrent.ThreadPoolExecutor.runWorker(ThreadPoolExecutor.java:1154)
05-03 19:43:14.648 24941 25040 E LoadManifestTask: 	at java.util.concurrent.ThreadPoolExecutor$Worker.run(ThreadPoolExecutor.java:652)
05-03 19:43:14.648 24941 25040 E LoadManifestTask: 	at java.lang.Thread.run(Thread.java:1563)
05-03 19:43:14.829 24990 25056 E ashmem  : Pinning is deprecated since Android Q. Please use trim or other methods.
05-03 19:43:14.896  9931  9961 E libbinder.IPCThreadState: Binder transaction failure. id: 9442771, cmd: BR_FROZEN_REPLY (29202), error: 0 (Success)
05-03 19:43:14.896  9931  9961 E JavaBinder: !!! FAILED BINDER TRANSACTION !!!  (parcel size = 784)
05-03 19:43:14.896   680  1767 E libbinder.IPCThreadState: Binder transaction failure. id: 9442788, cmd: BR_FROZEN_REPLY (29202), error: 0 (Success)
05-03 19:43:15.056 24892 25015 E ashmem  : Pinning is deprecated since Android Q. Please use trim or other methods.
05-03 19:43:15.070  1350  1350 E ChimeraProxyRslvr: Chimera config error: com.google.android.chimera.config.InvalidConfigException: Module APK has been modified: ContainerApk(com.google.android.gms)
05-03 19:43:15.070  1350  1350 E ChimeraSrvcProxy: Proxy without impl failing onBind()
05-03 19:43:15.113  9931 18281 E libbinder.IPCThreadState: Binder transaction failure. id: 9443226, cmd: BR_FROZEN_REPLY (29202), error: 0 (Success)
05-03 19:43:15.113  9931 18281 E JavaBinder: !!! FAILED BINDER TRANSACTION !!!  (parcel size = 832)
05-03 19:43:15.113   680  1767 E libbinder.IPCThreadState: Binder transaction failure. id: 9443232, cmd: BR_FROZEN_REPLY (29202), error: 0 (Success)
05-03 19:43:15.132 24941 25018 E libbinder.IPCThreadState: Binder transaction failure. id: 9443256, cmd: BR_FAILED_REPLY (29201), error: -28 (No space left on device)
05-03 19:43:15.136 24941 25018 E JavaBinder: !!! FAILED BINDER TRANSACTION !!!  (parcel size = 408)
05-03 19:43:15.485 25098 25141 E ashmem  : Pinning is deprecated since Android Q. Please use trim or other methods.
05-03 19:43:15.569  1350  3733 E libbinder.IPCThreadState: Process seems to be sending too many oneway calls.
05-03 19:43:16.267 24694 24712 E libbinder.IPCThreadState: Binder transaction failure. id: 9445156, cmd: BR_FAILED_REPLY (29201), error: -28 (No space left on device)
05-03 19:43:16.267 24694 24712 E JavaBinder: !!! FAILED BINDER TRANSACTION !!!  (parcel size = 3844)
05-03 19:43:16.383 24694 24712 E libbinder.IPCThreadState: Binder transaction failure. id: 9445170, cmd: BR_FAILED_REPLY (29201), error: -28 (No space left on device)
05-03 19:43:16.383 24694 24712 E JavaBinder: !!! FAILED BINDER TRANSACTION !!!  (parcel size = 3844)
05-03 19:43:18.499 24694 24712 E libbinder.IPCThreadState: Binder transaction failure. id: 9446221, cmd: BR_FAILED_REPLY (29201), error: -28 (No space left on device)
05-03 19:43:18.499 24694 24712 E JavaBinder: !!! FAILED BINDER TRANSACTION !!!  (parcel size = 3844)
05-03 19:43:18.531 23576 23576 E CalculatorApp: ArithmeticException: Division by zero
05-03 19:43:20.198 24941 25018 E libbinder.IPCThreadState: Binder transaction failure. id: 9447098, cmd: BR_FAILED_REPLY (29201), error: -28 (No space left on device)
05-03 19:43:20.199 24941 25018 E JavaBinder: !!! FAILED BINDER TRANSACTION !!!  (parcel size = 408)
05-03 19:43:20.842 24186 24186 E ConfigUpdater: Content URL or Metadata URL from flag is empty, ignoring flag change.
05-03 19:43:20.844 24186 24186 E ConfigUpdater: Content URL or Metadata URL from flag is empty, ignoring flag change.
05-03 19:43:20.845 24186 24186 E ConfigUpdater: Content URL or Metadata URL from flag is empty, ignoring flag change.
05-03 19:43:21.124  1350  1350 E ChimeraProxyRslvr: Chimera config error: com.google.android.chimera.config.InvalidConfigException: Module APK has been modified: ContainerApk(com.google.android.gms)
05-03 19:43:21.124  1350  1350 E ChimeraSrvcProxy: Proxy without impl failing onBind()
05-03 19:43:21.272 24694 24712 E libbinder.IPCThreadState: Binder transaction failure. id: 9448317, cmd: BR_FAILED_REPLY (29201), error: -28 (No space left on device)
05-03 19:43:21.272 24694 24712 E JavaBinder: !!! FAILED BINDER TRANSACTION !!!  (parcel size = 3844)
05-03 19:43:21.385 24694 24712 E libbinder.IPCThreadState: Binder transaction failure. id: 9448375, cmd: BR_FAILED_REPLY (29201), error: -28 (No space left on device)
05-03 19:43:21.385 24694 24712 E JavaBinder: !!! FAILED BINDER TRANSACTION !!!  (parcel size = 3844)
05-03 19:43:22.611 23576 23576 E CalculatorApp: ArithmeticException: Division by zero
05-03 19:43:23.506 24694 24712 E libbinder.IPCThreadState: Binder transaction failure. id: 9449746, cmd: BR_FAILED_REPLY (29201), error: -28 (No space left on device)
05-03 19:43:23.506 24694 24712 E JavaBinder: !!! FAILED BINDER TRANSACTION !!!  (parcel size = 3844)
05-03 19:43:25.201 24941 25018 E libbinder.IPCThreadState: Binder transaction failure. id: 9450445, cmd: BR_FAILED_REPLY (29201), error: -28 (No space left on device)
05-03 19:43:25.201 24941 25018 E JavaBinder: !!! FAILED BINDER TRANSACTION !!!  (parcel size = 408)
05-03 19:43:26.149  1350 24729 E NetworkScheduler.TED: Dropping task as app's play services SDK version does not support Android O. Either update the SDK or lower your app's target SDK version. Canceling all tasks for the service: ComponentInfo{com.google.android.gms/com.google.android.gms.droidguard.DroidGuardFastRefreshGmsTaskBoundService}
05-03 19:43:26.275 24694 24712 E libbinder.IPCThreadState: Binder transaction failure. id: 9450805, cmd: BR_FAILED_REPLY (29201), error: -28 (No space left on device)
05-03 19:43:26.275 24694 24712 E JavaBinder: !!! FAILED BINDER TRANSACTION !!!  (parcel size = 3844)
05-03 19:43:26.386 24694 24712 E libbinder.IPCThreadState: Binder transaction failure. id: 9450816, cmd: BR_FAILED_REPLY (29201), error: -28 (No space left on device)
05-03 19:43:26.386 24694 24712 E JavaBinder: !!! FAILED BINDER TRANSACTION !!!  (parcel size = 3844)
05-03 19:43:28.513 24694 24712 E libbinder.IPCThreadState: Binder transaction failure. id: 9450985, cmd: BR_FAILED_REPLY (29201), error: -28 (No space left on device)
05-03 19:43:28.513 24694 24712 E JavaBinder: !!! FAILED BINDER TRANSACTION !!!  (parcel size = 3844)
05-03 19:43:29.529  1350  3733 E libbinder.IPCThreadState: Process seems to be sending too many oneway calls.
05-03 19:43:29.865 24892 25036 E libbinder.IPCThreadState: Binder transaction failure. id: 9451872, cmd: BR_FAILED_REPLY (29201), error: -28 (No space left on device)
05-03 19:43:29.866 24892 25036 E JavaBinder: !!! FAILED BINDER TRANSACTION !!!  (parcel size = 3780)
05-03 19:43:30.181 24288 24366 E Finsky  : [101] [Counters] attempted to use a non-positive increment for: 4752
05-03 19:43:30.206 24941 25018 E libbinder.IPCThreadState: Binder transaction failure. id: 9452053, cmd: BR_FAILED_REPLY (29201), error: -28 (No space left on device)
05-03 19:43:30.206 24941 25018 E JavaBinder: !!! FAILED BINDER TRANSACTION !!!  (parcel size = 408)
05-03 19:43:30.465 24288 24366 E Finsky  : [101] [Counters] attempted to use a non-positive increment for: 4753
05-03 19:43:30.706 24288 24288 E Finsky  : [2] bpea failed GRPC call!
05-03 19:43:30.706 24288 24288 E Finsky  : java.lang.UnsupportedOperationException: Unauth not supported in gRPC BrowseService.
05-03 19:43:30.706 24288 24288 E Finsky  : 	at aagh.c(PG:181)
05-03 19:43:30.706 24288 24288 E Finsky  : 	at aagf.b(PG:181)
05-03 19:43:30.706 24288 24288 E Finsky  : 	at aagf.a(PG:34)
05-03 19:43:30.706 24288 24288 E Finsky  : 	at org.chromium.net.AndroidNetworkLibrary.t(PG:14)
05-03 19:43:30.706 24288 24288 E Finsky  : 	at catt.k(PG:29)
05-03 19:43:30.706 24288 24288 E Finsky  : 	at catt.l(PG:12)
05-03 19:43:30.706 24288 24288 E Finsky  : 	at aagg.b(PG:37)
05-03 19:43:30.706 24288 24288 E Finsky  : 	at aagg.kU(PG:23)
05-03 19:43:30.706 24288 24288 E Finsky  : 	at rye.b(PG:25)
05-03 19:43:30.706 24288 24288 E Finsky  : 	at cars.pe(PG:5)
05-03 19:43:30.706 24288 24288 E Finsky  : 	at caza.run(PG:109)
05-03 19:43:30.706 24288 24288 E Finsky  : 	at java.util.concurrent.ThreadPoolExecutor.runWorker(ThreadPoolExecutor.java:1154)
05-03 19:43:30.706 24288 24288 E Finsky  : 	at java.util.concurrent.ThreadPoolExecutor$Worker.run(ThreadPoolExecutor.java:652)
05-03 19:43:30.706 24288 24288 E Finsky  : 	at vod.run(PG:618)
05-03 19:43:30.706 24288 24288 E Finsky  : 	at java.lang.Thread.run(Thread.java:1563)
05-03 19:43:30.711 24288 24380 E Finsky  : [110] ItemStore: getItems RPC failed for item com.google.android.photopicker
05-03 19:43:30.715 24288 24380 E Finsky  : [110] ItemStore: getItems RPC failed for item com.android.mtp
05-03 19:43:30.721 24288 24380 E Finsky  : [110] ItemStore: getItems RPC failed for item com.android.hardware.power
05-03 19:43:30.721 24288 24380 E Finsky  : [110] ItemStore: getItems RPC failed for item com.android.internal.emulation.pixel_4a
05-03 19:43:30.721 24288 24380 E Finsky  : [110] ItemStore: getItems RPC failed for item com.android.internal.systemui.navbar.twobutton
05-03 19:43:30.721 24288 24380 E Finsky  : [110] ItemStore: getItems RPC failed for item com.android.systemui
05-03 19:43:30.721 24288 24380 E Finsky  : [110] ItemStore: getItems RPC failed for item com.android.systemui.emulation.pixel_9_pro_fold
05-03 19:43:30.721 24288 24380 E Finsky  : [110] ItemStore: getItems RPC failed for item com.google.android.partnersetup
05-03 19:43:30.721 24288 24380 E Finsky  : [110] ItemStore: getItems RPC failed for item com.android.apex.cts.shim
05-03 19:43:30.721 24288 24380 E Finsky  : [110] ItemStore: getItems RPC failed for item com.google.android.connectivity.resources
05-03 19:43:30.721 24288 24380 E Finsky  : [110] ItemStore: getItems RPC failed for item com.google.android.marvin.talkbackoverlay
05-03 19:43:30.721 24288 24380 E Finsky  : [110] ItemStore: getItems RPC failed for item com.android.egg
05-03 19:43:30.721 24288 24380 E Finsky  : [110] ItemStore: getItems RPC failed for item com.google.android.server.deviceconfig.resources
05-03 19:43:30.721 24288 24380 E Finsky  : [110] ItemStore: getItems RPC failed for item com.google.android.projection.gearhead
05-03 19:43:30.721 24288 24380 E Finsky  : [110] ItemStore: getItems RPC failed for item com.google.android.federatedcompute
05-03 19:43:30.721 24288 24380 E Finsky  : [110] ItemStore: getItems RPC failed for item com.android.vpndialogs
05-03 19:43:30.721 24288 24380 E Finsky  : [110] ItemStore: getItems RPC failed for item com.google.android.configupdater
05-03 19:43:30.721 24288 24380 E Finsky  : [110] ItemStore: getItems RPC failed for item com.google.android.safetycenter.resources
05-03 19:43:30.721 24288 24380 E Finsky  : [110] ItemStore: getItems RPC failed for item com.google.android.wifi.resources
05-03 19:43:30.721 24288 24380 E Finsky  : [110] ItemStore: getItems RPC failed for item com.android.bluetoothmidiservice
05-03 19:43:30.721 24288 24380 E Finsky  : [110] ItemStore: getItems RPC failed for item com.android.internal.emulation.pixel_10
05-03 19:43:30.721 24288 24380 E Finsky  : [110] ItemStore: getItems RPC failed for item com.google.android.settings.intelligence
05-03 19:43:30.721 24288 24380 E Finsky  : [110] ItemStore: getItems RPC failed for item android.auto_generated_rro_vendor__
